[181] Manyland (antoinec)
[25] Startup School Silicon Valley 2014 Live Stream (kevin)
[45] The Internet of Someone Else’s Things (BIackSwan)
[108] Aptly: Owning Your Debian Distribution (smira)
[46] Show HN: One Adaptive API for Dropbox, Google Drive, OneDrive and More in Future (cloudrail)
[99] A veteran teacher turned coach shadows 2 students for 2 days (MrMrtn)
[205] Core Secrets: NSA Saboteurs in China and Germany (patrickgokey)
[54] Kaya: Declarative Reactive (david927)
[234] Why 12-Foot Traffic Lanes Are Disastrous for Safety (mortenjorck)
[47] Front-end performance heatmap bookmarklet (leonvonblut)
[308] What will it take to run a 2-hour marathon? (neonkiwi)
[75] End the U.S. Embargo on Cuba (rodrigocoelho)
[87] 'Citizenfour' Reveals Existence of Second NSA Whistleblower (eplanit)
[311] Pigshell – Unix the Web (nmcfarl)
[238] How does a fighter jet lock onto and keep track of an enemy aircraft? (2013) (KhalilK)
[29] The Liar's Tell: Is Paul Ekman Stretching the Truth? (drjohnson)
[225] Judge Rejects Defense That FBI Illegally Hacked Silk Road, on a Technicality (ssclafani)
[23] The Internet has made defensive writers of us all (gourlaysama)
[1] DevOps and Ruby Engineers – Swiftype Is Hiring in SF (qhoxie)
[125] What makes for a stable marriage? (rhiever)
[101] The Microsoft Empire Reboots (aseem)
[111] Things I Won't Work With: Peroxide Peroxides (joe_bleau)
[27] For 50 Years, Nuclear Bomb Lost in Watery Grave (2008) (theoutlander)
[108] Dropbox confirms that a bug within Selective Sync may have caused data loss (ghuntley)
[41] A command line interface for 1Password (lukashed)
[154] Sci-Fi Novels You Should Read (smoyer)
[50] Decrypting Android Snapchat images (fla)
[61] Lua metacompiler (walterbell)
[3] Using knitr and pandoc to create reproducible scientific reports (leephillips)
[30] V.I. Arnold, On teaching mathematics (1997) (mr_tyzic)
[59] Rare images document the centuries-long history of Africans in India (benbreen)
[154] Our Journey to and Through YC (sama)
[14] Meet the man who built the online attendance system for India’s govt. officials (aptwebapps)
[95] Behind League of Legends, E-Sports’s Main Attraction (murtali)
[129] Microsoft’s Quantum Mechanics (finisterre)
[113] Move Fast, Don't Break Your API (ewang1)
[132] DEFCON Router Hacking Contest Reveals Major Vulnerabilities (Garbage)
[132] Spark Breaks Previous Large-Scale Sort Record (metronius)
[16] The Birth of Pong (ohaikbai)
[209] Paul Graham and Jessica Livingston Interview [video] (ynotgiant)
[1] HelloSign (YC W11) Is Hiring a DevOps Engineer Who Loves Puppet and ELK (burnout1540)
[103] Ride Sharing by the Numbers (ignatiusjr)
[44] Show HN: Minard's map of Napoleon's invasion of Russia (clured)
[178] Rich Command Shells (BruceM)
[138] Excel.vim (johannh)
[62] Pash: An Open-Source Reimplementation of Windows PowerShell for Mono (mwcampbell)
[3] Show HN: Reimplementation of Facebook Flux Example in Scala.js (forty)
[70] Transducers for JavaScript (dahjelle)
[155] The Toughest Adversity I've Ever Faced (scobar)
[77] 'Bad Paper' Explores the Underworld of Debt Collection (thejteam)
[57] Famed Antikythera wreck yields more treasures (Thevet)
[199] Lecture 6: How to Start a Startup (kqr2)
[63] Second Graders Treated to a Seven-Course $220 Tasting Meal [video] (learc83)
[6] Skylable Secures Investment from Sunstone for Open Source Storage (jodok)
[39] Design of Facebook Homogenizes Identity and Limits Personal Representation (jkiuu)
[27] Rock Paper Scissors Programming Competition (bvaldivielso)
[75] Bicycle helmets do almost nothing to prevent concussions (acsillag)
[1010] GitHub Student Developer Pack (dctrwatson)
[65] Are We Really Conscious? (dctoedt)
[51] Using Presto in Our Big Data Platform on AWS (ddispaltro)
[297] CSS: It was twenty years ago today (ggurgone)
[47] Transducers now available for Java/JavaScript/Ruby (siavosh)
[66] Is ZFS a suitable replacement for other Linux filesystems? (lewq)
[1] Teespring (YC W13) Is Looking for Sr. Front-end Engineers to Help Scale Growth (estitesc)
[24] Only 100 cybercrime brains worldwide says Europol boss (T-A)
[627] Tilde.Club: I had a couple drinks and woke up with 1,000 nerds (libovness)
[352] My Isometric Voxel Engine: One Year Later (gavanwoolery)
[445] Move Fast and Break Nothing (bpierre)
[46] A wage revolution could end extreme poverty in Asia (nbouscal)
[34] Behind OS X’s modern face lies an aging collection of Unix tools (ingve)
[113] My Lisp Experiences and the Development of GNU Emacs (2002) (shawndumas)
[292] Google Now vs. Siri vs. Cortana – The Great Knowledge Box Showdown (nreece)
[87] 40,000 suicides annually, yet America simply shrugs (robg)
[142] Termtris: A Game Like Tetris in Ten Functions (tylerneylon)
[11] Flipboard's Approach to Automatic Summarization (tomkwok)
[36] Improvisation: Automating Music Composition and Melody Generation (anubiann00b)
[515] Redis cluster, no longer vaporware (untothebreach)
[422] Intel Underestimates Error Bounds by 1.3 Quintillion (ghusbands)
[1018] The Horror of a 'Secure Golden Key' (jashkenas)
[17] Building A Better Build: Our Transition From Ant To SBT (metaprinter)
[45] The future of the book (e15ctr0n)
[38] The Struggles of a Psychologist Studying Self-Control (grej)
[1] SimplyInsured (YC W13) Is Hiring Sales – Change Healthcare Forever (vivekajayshah)
[35] Estonia Everybody! Freedom Reigned (rudolfosman)
[6] Cheat: A minimal unit testing framework for the C programming language (nkurz)
[7] Spain’s bloody history gave it the world’s highest concentration of elevators (r0h1n)
[28] Filtergraph (DontGiveTwoFlux)
[3] Former NSA director had thousands personally invested in obscure tech firms (kyleblarson)
[103] Pulse: open, trustworthy, decentralised sync and cloud service (nreece)
[33] What’s All This Widlar Stuff, Anyhow? (1991) (nazri1)
[59] The Birth of Visual Basic (2006) (radmuzom)
[38] Show HN: Jobs for software developers delivered to your inbox (wnm)
[1712] Hacker News API (kevin)
[6] Secretive Company Claims Battery Breakthrough (miraj)
[27] Human vs. Squirrel: The Battle of Wits Is On (dnetesn)
[27] What Old Transit Maps Can Teach Us About a City's Future (benbreen)
[26] The Artist of the Unbreakable Code (dnetesn)
[576] SQLite 3.8.7 is 50% faster than 3.7.17 (anon1385)
[78] Watch This Tesla Drive Itself at the Press of a Button [video] (prateekj)
[101] Show HN: Imgix.js, a JavaScript library for responsive imaging (zacman85)
